INFO 2026-01-13 18:34:02,753 utils Attempting to send OTP to lingupanther@gmail.com for registration
INFO 2026-01-13 18:34:10,404 views User ram registered successfully, OTP sent to lingupanther@gmail.com
INFO 2026-01-13 18:34:44,985 utils OTP verified successfully
INFO 2026-01-13 18:34:45,704 views User ram verified OTP successfully
INFO 2026-01-13 18:35:06,334 views User ram voted for K.Annamalai
INFO 2026-01-13 18:37:16,944 utils Attempting to send OTP to lingupanther@gmail.com for login
INFO 2026-01-13 18:37:21,276 views OTP sent to lingupanther@gmail.com for login
INFO 2026-01-13 18:38:16,497 utils OTP verified successfully
INFO 2026-01-13 18:38:17,397 views User ram verified OTP successfully
INFO 2026-01-13 23:29:12,682 utils Attempting to send OTP to cehir84429@ixospace.com for registration
INFO 2026-01-13 23:29:18,736 utils OTP sent successfully to cehir84429@ixospace.com
INFO 2026-01-13 23:29:18,737 views User raja registered successfully, OTP sent to cehir84429@ixospace.com
INFO 2026-01-13 23:31:12,746 utils OTP verified successfully
INFO 2026-01-13 23:31:13,347 views User raja verified OTP successfully
INFO 2026-01-13 23:31:40,858 views User raja voted for K.Annamalai
INFO 2026-01-13 23:33:58,972 utils Attempting to send OTP to cehir84429@ixospace.com for login
INFO 2026-01-13 23:34:03,049 utils OTP sent successfully to cehir84429@ixospace.com
INFO 2026-01-13 23:34:03,056 views OTP sent to cehir84429@ixospace.com for login
INFO 2026-01-13 23:35:16,066 utils OTP verified successfully
INFO 2026-01-13 23:35:16,522 views User raja verified OTP successfully
INFO 2026-01-14 08:53:17,220 utils Attempting to send OTP to moface1600@jparksky.com for registration
INFO 2026-01-14 08:53:22,553 utils OTP sent successfully to moface1600@jparksky.com
INFO 2026-01-14 08:53:22,554 views User ravi registered successfully, OTP sent to moface1600@jparksky.com
INFO 2026-01-14 08:53:54,144 utils OTP verified successfully
INFO 2026-01-14 08:53:54,893 views User ravi verified OTP successfully
INFO 2026-01-14 08:54:09,157 views User ravi voted for K.Annamalai
INFO 2026-01-14 08:55:01,307 utils Attempting to send OTP to moface1600@jparksky.com for login
INFO 2026-01-14 08:55:05,197 utils OTP sent successfully to moface1600@jparksky.com
INFO 2026-01-14 08:55:05,203 views OTP sent to moface1600@jparksky.com for login
INFO 2026-01-14 08:55:35,367 utils OTP verified successfully
INFO 2026-01-14 08:55:35,828 views User ravi verified OTP successfully
INFO 2026-01-14 09:00:04,242 utils Attempting to send OTP to nimiy42452@jparksky.com for registration
INFO 2026-01-14 09:00:07,878 utils OTP sent successfully to nimiy42452@jparksky.com
INFO 2026-01-14 09:00:07,882 views User mohan registered successfully, OTP sent to nimiy42452@jparksky.com
INFO 2026-01-14 09:01:08,766 utils OTP verified successfully
INFO 2026-01-14 09:01:09,144 views User mohan verified OTP successfully
INFO 2026-01-14 09:01:55,589 views User mohan voted for K.Annamalai
INFO 2026-01-14 09:14:44,573 utils Attempting to send OTP to nimiy42452@jparksky.com for login
INFO 2026-01-14 09:14:50,247 utils OTP sent successfully to nimiy42452@jparksky.com
INFO 2026-01-14 09:14:50,254 views OTP sent to nimiy42452@jparksky.com for login
INFO 2026-01-14 09:15:29,887 utils OTP verified successfully
INFO 2026-01-14 09:15:30,195 views User mohan verified OTP successfully
INFO 2026-01-14 09:24:03,965 utils Attempting to send OTP to febic89593@ixospace.com for registration
INFO 2026-01-14 09:24:07,666 utils OTP sent successfully to febic89593@ixospace.com
INFO 2026-01-14 09:24:07,668 views User raguraman registered successfully, OTP sent to febic89593@ixospace.com
INFO 2026-01-14 09:24:45,724 utils OTP verified successfully
INFO 2026-01-14 09:24:46,499 views User raguraman verified OTP successfully
INFO 2026-01-14 09:25:02,104 views User raguraman voted for C.Joseph  Vijay
INFO 2026-01-14 10:27:22,970 utils Attempting to send OTP to ropelot673@jparksky.com for registration
INFO 2026-01-14 10:27:28,802 utils OTP sent successfully to ropelot673@jparksky.com
INFO 2026-01-14 10:27:28,821 views User singaravelan registered successfully, OTP sent to ropelot673@jparksky.com
INFO 2026-01-14 10:28:14,877 utils OTP verified successfully
INFO 2026-01-14 10:28:15,319 views User singaravelan verified OTP successfully
INFO 2026-01-14 10:28:34,474 views User singaravelan voted for Seeman
INFO 2026-01-14 10:34:31,107 utils Attempting to send OTP to ropelot673@jparksky.com for login
INFO 2026-01-14 10:34:35,235 utils OTP sent successfully to ropelot673@jparksky.com
INFO 2026-01-14 10:34:35,237 views OTP sent to ropelot673@jparksky.com for login
INFO 2026-01-14 10:36:02,181 utils OTP verified successfully
INFO 2026-01-14 10:36:03,144 views User singaravelan verified OTP successfully
INFO 2026-01-21 11:52:18,387 utils Attempting to send OTP to wibed15989@noihse.com for registration
INFO 2026-01-21 11:52:25,517 utils OTP sent successfully to wibed15989@noihse.com
INFO 2026-01-21 11:52:25,520 views User munusamy registered successfully, OTP sent to wibed15989@noihse.com
INFO 2026-01-21 11:53:32,624 utils OTP verified successfully
INFO 2026-01-21 11:53:33,298 views User munusamy verified OTP successfully
INFO 2026-01-21 11:53:46,907 views User munusamy voted for K.Annamalai
INFO 2026-01-22 10:37:27,963 utils Attempting to send OTP to wibed15989@noihse.com for login
INFO 2026-01-22 10:37:32,747 utils OTP sent successfully to wibed15989@noihse.com
INFO 2026-01-22 10:37:32,748 views OTP sent to wibed15989@noihse.com for login
INFO 2026-01-22 10:38:57,284 utils OTP verified successfully
INFO 2026-01-22 10:38:58,151 views User munusamy verified OTP successfully
INFO 2026-01-22 10:40:12,244 utils Attempting to send OTP to wibed15989@noihse.com for login
INFO 2026-01-22 10:40:15,777 utils OTP sent successfully to wibed15989@noihse.com
INFO 2026-01-22 10:40:15,778 views OTP sent to wibed15989@noihse.com for login
INFO 2026-01-22 10:41:23,117 utils OTP verified successfully
INFO 2026-01-22 10:41:23,781 views User munusamy verified OTP successfully
INFO 2026-01-22 21:19:58,095 utils Attempting to send OTP to wibed15989@noihse.com for login
INFO 2026-01-22 21:20:02,315 utils OTP sent successfully to wibed15989@noihse.com
INFO 2026-01-22 21:20:02,316 views OTP sent to wibed15989@noihse.com for login
WARNING 2026-01-22 21:21:28,485 utils OTP mismatch - Expected: 185496, Got: 185486
WARNING 2026-01-22 21:21:28,487 views Failed OTP verification for user munusamy
INFO 2026-01-22 21:21:48,049 utils OTP verified successfully
INFO 2026-01-22 21:21:48,898 views User munusamy verified OTP successfully
INFO 2026-01-22 21:27:48,625 utils Attempting to send OTP to wibed15989@noihse.com for login
INFO 2026-01-22 21:27:51,796 utils OTP sent successfully to wibed15989@noihse.com
INFO 2026-01-22 21:27:51,797 views OTP sent to wibed15989@noihse.com for login
INFO 2026-01-22 21:28:41,894 utils OTP verified successfully
INFO 2026-01-22 21:28:42,428 views User munusamy verified OTP successfully
INFO 2026-01-23 09:53:51,536 utils Attempting to send OTP to wibed15989@noihse.com for login
INFO 2026-01-23 09:53:56,169 utils OTP sent successfully to wibed15989@noihse.com
INFO 2026-01-23 09:53:56,170 views OTP sent to wibed15989@noihse.com for login
INFO 2026-01-23 09:55:36,492 utils OTP verified successfully
INFO 2026-01-23 09:55:37,399 views User munusamy verified OTP successfully
INFO 2026-01-24 09:58:05,126 utils Attempting to send OTP to wibed15989@noihse.com for login
INFO 2026-01-24 09:58:09,924 utils OTP sent successfully to wibed15989@noihse.com
INFO 2026-01-24 09:58:09,926 views OTP sent to wibed15989@noihse.com for login
INFO 2026-01-24 10:03:13,228 utils Attempting to send OTP to gicete2030@okexbit.com for registration
INFO 2026-01-24 10:03:16,685 utils OTP sent successfully to gicete2030@okexbit.com
INFO 2026-01-24 10:03:16,691 views User parthiban registered successfully, OTP sent to gicete2030@okexbit.com
INFO 2026-01-24 10:03:53,757 utils OTP verified successfully
INFO 2026-01-24 10:03:54,367 views User parthiban verified OTP successfully
INFO 2026-01-24 10:04:02,899 views User parthiban voted for Sellur Raju
INFO 2026-01-24 10:11:07,342 utils Attempting to send OTP to gicete2030@okexbit.com for login
INFO 2026-01-24 10:11:10,797 utils OTP sent successfully to gicete2030@okexbit.com
INFO 2026-01-24 10:11:10,799 views OTP sent to gicete2030@okexbit.com for login
INFO 2026-01-24 10:12:01,298 utils OTP verified successfully
INFO 2026-01-24 10:12:01,925 views User parthiban verified OTP successfully
